
> mem@0.1.0 check
> npm run typecheck && npm run lint && npm run format:check && npm test


> mem@0.1.0 typecheck
> tsc --noEmit


> mem@0.1.0 lint
> eslint src tests


> mem@0.1.0 format:check
> prettier --check "src/**/*.ts" "tests/**/*.ts" "bin/**/*"

Checking formatting...
All matched files use Prettier code style!

> mem@0.1.0 test
> vitest --run


 RUN  v1.6.1 /Users/csells/Code/Forks/sjarmak/mem

 ✓ tests/ingest.liveRef.test.ts  (23 tests) 4ms
 ✓ tests/verify-lib.test.ts  (34 tests) 4ms
 ✓ tests/freeze-lib.test.ts  (30 tests) 4ms
 ✓ tests/ingest.landedContent.test.ts  (35 tests) 7ms
 ✓ tests/ingest.beads.test.ts  (39 tests) 11ms
 ✓ tests/ingest.landed.test.ts  (23 tests) 8ms
 ✓ tests/ingest.sessionCommits.test.ts  (19 tests) 8ms
 ✓ tests/ingest.falseClose.test.ts  (58 tests) 13ms
 ✓ tests/ingest.commitLinkage.test.ts  (24 tests) 10ms
 ✓ tests/bench.test.ts  (20 tests) 6ms
 ✓ tests/parse.trace.test.ts  (46 tests) 28ms
 ✓ tests/ingest.traces.test.ts  (16 tests) 32ms
 ✓ tests/parse.recurrence.test.ts  (16 tests) 6ms
 ✓ tests/bench.session-fanout.test.ts  (12 tests) 8ms
 ✓ tests/ingest.dashboardCi.test.ts  (20 tests) 7ms
 ✓ tests/ingest.session-merge.test.ts  (8 tests) 14ms
 ✓ tests/ingest.outcomes.test.ts  (18 tests) 9ms
 ✓ tests/ingest.trace-archive.test.ts  (10 tests) 188ms
 ✓ tests/cli-build-store.test.ts  (13 tests) 185ms
 ✓ tests/ingest.provenance-from-log.test.ts  (8 tests) 40ms
 ✓ tests/memory-capture.test.ts  (10 tests) 3ms
 ✓ tests/retrieve.disclosure.test.ts  (12 tests) 4ms
 ✓ tests/cli-rebuild.test.ts  (3 tests) 87ms
 ✓ tests/ingest.task-type.test.ts  (10 tests) 13ms
 ✓ tests/cli-extract-errors.test.ts  (11 tests) 11ms
 ✓ tests/distill-verify.test.ts  (10 tests) 5ms
 ✓ tests/store.provenance.test.ts  (9 tests) 101ms
 ✓ tests/schemas.test.ts  (13 tests) 9ms
 ✓ tests/cli-retrieve.test.ts  (19 tests) 359ms
 ✓ tests/cli-provenance-events-roundtrip.test.ts  (6 tests) 80ms
 ✓ tests/cli-memory-event.test.ts  (7 tests) 68ms
 ✓ tests/store.test.ts  (76 tests) 496ms
 ✓ tests/ingest.repo-resolve.test.ts  (8 tests) 4ms
 ✓ tests/store.render.test.ts  (10 tests) 7ms
 ✓ tests/cli-query.test.ts  (18 tests) 327ms
 ✓ tests/cli.test.ts  (8 tests) 3ms
 ✓ tests/store.coverage.test.ts  (3 tests) 13ms
 ✓ tests/verify-rig-checkouts.test.ts  (1 test) 80ms
 ✓ tests/cli-coverage.test.ts  (4 tests) 23ms
 ✓ tests/cli-import-records.test.ts  (5 tests) 31ms
 ✓ tests/cli-lessons-roundtrip.test.ts  (6 tests) 59ms
 ✓ tests/cli-link-outcomes.test.ts  (2 tests) 5ms
 ✓ tests/store.memory-events.test.ts  (8 tests) 110ms
 ✓ tests/cli-provenance.test.ts  (10 tests) 155ms
stderr | tests/cli-provenance.test.ts > mem provenance record > records a producer cut event and is queryable
provenance cut for demo-1 recorded (/var/folders/6k/xzgngnms6jg4_z2l40y0_9vh0000gn/T/mem-prov-cli-YCqM75/store.db)
1 provenance events for demo-1

stderr | tests/cli-provenance.test.ts > mem provenance record > is append-only/idempotent: re-recording the same event adds nothing
provenance cut for demo-1 recorded (/var/folders/6k/xzgngnms6jg4_z2l40y0_9vh0000gn/T/mem-prov-cli-G1AbMq/store.db)
provenance cut for demo-1 already present (/var/folders/6k/xzgngnms6jg4_z2l40y0_9vh0000gn/T/mem-prov-cli-G1AbMq/store.db)
1 provenance events for demo-1

stderr | tests/cli-provenance.test.ts > mem provenance record > answers by-ref for a recorded SHA
provenance cut for demo-1 recorded (/var/folders/6k/xzgngnms6jg4_z2l40y0_9vh0000gn/T/mem-prov-cli-wQ09Sy/store.db)
1 provenance events reference a1b2c3d4e5f6a7b8c9d0e1f2a3b4c5d6e7f80910

stderr | tests/cli-provenance.test.ts > mem provenance record > requires --at for a ref-less kind so the id is idempotent
provenance claim for demo-1 recorded (/var/folders/6k/xzgngnms6jg4_z2l40y0_9vh0000gn/T/mem-prov-cli-eWl6II/store.db)
provenance claim for demo-1 already present (/var/folders/6k/xzgngnms6jg4_z2l40y0_9vh0000gn/T/mem-prov-cli-eWl6II/store.db)
provenance claim for demo-1 recorded (/var/folders/6k/xzgngnms6jg4_z2l40y0_9vh0000gn/T/mem-prov-cli-eWl6II/store.db)

stderr | tests/cli-provenance.test.ts > mem provenance record > filters log by --kind and rejects an invalid kind
provenance cut for demo-1 recorded (/var/folders/6k/xzgngnms6jg4_z2l40y0_9vh0000gn/T/mem-prov-cli-O1BfGD/store.db)
provenance claim for demo-1 recorded (/var/folders/6k/xzgngnms6jg4_z2l40y0_9vh0000gn/T/mem-prov-cli-O1BfGD/store.db)
1 provenance events for demo-1
2 provenance events for demo-1

 ✓ tests/retrieve.test.ts  (39 tests) 619ms
 ✓ tests/distill.test.ts  (59 tests) 665ms
 ✓ tests/verify-git.test.ts  (8 tests) 317ms
fatal: ambiguous argument 'no-such-rev-000..HEAD': unknown revision or path not in the working tree.
Use '--' to separate paths from revisions, like this:
'git <command> [<revision>...] -- [<file>...]'
fatal: ambiguous argument '; touch /var/folders/6k/xzgngnms6jg4_z2l40y0_9vh0000gn/T/mem-pipe-ujXw3t/pwned': unknown revision or path not in the working tree.
Use '--' to separate paths from revisions, like this:
'git <command> [<revision>...] -- [<file>...]'
fatal: Not a valid commit name deadbeefbeefbeefbeefbeefbeefbeefbeefdead
fatal: Not a valid commit name deadbeefbeefbeefbeefbeefbeefbeefbeefdead
fatal: Not a valid commit name deadbeefbeefbeefbeefbeefbeefbeefbeefdead
fatal: Not a valid commit name deadbeefbeefbeefbeefbeefbeefbeefbeefdead
 ✓ tests/ingest.provenance.test.ts  (61 tests) 963ms

 Test Files  48 passed (48)
      Tests  908 passed (908)
   Start at  11:37:13
   Duration  1.29s (transform 1.66s, setup 1ms, collect 6.69s, tests 5.21s, environment 6ms, prepare 2.12s)

