
> mem@0.1.0 check
> npm run typecheck && npm run lint && npm run format:check && npm test


> mem@0.1.0 typecheck
> tsc --noEmit


> mem@0.1.0 lint
> eslint src tests


> mem@0.1.0 format:check
> prettier --check "src/**/*.ts" "tests/**/*.ts" "bin/**/*"

Checking formatting...
All matched files use Prettier code style!

> mem@0.1.0 test
> vitest --run


 RUN  v1.6.1 /Users/csells/Code/Forks/sjarmak/mem

 ✓ tests/verify-lib.test.ts  (34 tests) 5ms
 ✓ tests/freeze-lib.test.ts  (30 tests) 5ms
 ✓ tests/ingest.liveRef.test.ts  (23 tests) 5ms
 ✓ tests/ingest.beads.test.ts  (39 tests) 17ms
 ✓ tests/ingest.landed.test.ts  (23 tests) 9ms
 ✓ tests/ingest.commitLinkage.test.ts  (24 tests) 10ms
 ✓ tests/ingest.sessionCommits.test.ts  (19 tests) 8ms
 ✓ tests/parse.trace.test.ts  (46 tests) 17ms
 ✓ tests/ingest.landedContent.test.ts  (35 tests) 11ms
 ✓ tests/bench.test.ts  (20 tests) 16ms
 ✓ tests/ingest.falseClose.test.ts  (58 tests) 14ms
 ✓ tests/ingest.traces.test.ts  (16 tests) 11ms
 ✓ tests/ingest.session-merge.test.ts  (8 tests) 17ms
 ✓ tests/bench.session-fanout.test.ts  (12 tests) 3ms
 ✓ tests/parse.recurrence.test.ts  (16 tests) 7ms
 ✓ tests/ingest.dashboardCi.test.ts  (20 tests) 7ms
 ✓ tests/ingest.trace-archive.test.ts  (10 tests) 155ms
 ✓ tests/cli-build-store.test.ts  (13 tests) 116ms
 ✓ tests/ingest.outcomes.test.ts  (18 tests) 7ms
 ✓ tests/ingest.provenance-from-log.test.ts  (8 tests) 61ms
 ✓ tests/cli-retrieve.test.ts  (19 tests) 395ms
 ✓ tests/store.provenance.test.ts  (9 tests) 160ms
 ✓ tests/ingest.task-type.test.ts  (10 tests) 38ms
 ✓ tests/memory-capture.test.ts  (10 tests) 6ms
 ✓ tests/cli-extract-errors.test.ts  (11 tests) 10ms
 ✓ tests/distill-verify.test.ts  (10 tests) 9ms
 ✓ tests/retrieve.disclosure.test.ts  (12 tests) 5ms
 ✓ tests/cli-rebuild.test.ts  (3 tests) 147ms
 ✓ tests/schemas.test.ts  (13 tests) 42ms
 ✓ tests/cli-provenance-events-roundtrip.test.ts  (6 tests) 118ms
 ✓ tests/store.test.ts  (76 tests) 581ms
 ✓ tests/cli-memory-event.test.ts  (7 tests) 144ms
 ✓ tests/ingest.repo-resolve.test.ts  (8 tests) 4ms
 ✓ tests/store.render.test.ts  (10 tests) 5ms
 ✓ tests/cli.test.ts  (8 tests) 6ms
 ✓ tests/cli-coverage.test.ts  (4 tests) 41ms
 ✓ tests/verify-rig-checkouts.test.ts  (1 test) 89ms
 ✓ tests/cli-lessons-roundtrip.test.ts  (6 tests) 84ms
 ✓ tests/store.coverage.test.ts  (3 tests) 46ms
 ✓ tests/cli-query.test.ts  (18 tests) 462ms
 ✓ tests/cli-link-outcomes.test.ts  (2 tests) 3ms
 ✓ tests/cli-import-records.test.ts  (5 tests) 33ms
 ✓ tests/retrieve.test.ts  (39 tests) 823ms
 ✓ tests/store.memory-events.test.ts  (8 tests) 180ms
stderr | tests/cli-provenance.test.ts > mem provenance record > records a producer cut event and is queryable
provenance cut for demo-1 recorded (/var/folders/6k/xzgngnms6jg4_z2l40y0_9vh0000gn/T/mem-prov-cli-MNDIBk/store.db)
1 provenance events for demo-1

stderr | tests/cli-provenance.test.ts > mem provenance record > is append-only/idempotent: re-recording the same event adds nothing
provenance cut for demo-1 recorded (/var/folders/6k/xzgngnms6jg4_z2l40y0_9vh0000gn/T/mem-prov-cli-Cxbbby/store.db)
provenance cut for demo-1 already present (/var/folders/6k/xzgngnms6jg4_z2l40y0_9vh0000gn/T/mem-prov-cli-Cxbbby/store.db)
1 provenance events for demo-1

stderr | tests/cli-provenance.test.ts > mem provenance record > answers by-ref for a recorded SHA
provenance cut for demo-1 recorded (/var/folders/6k/xzgngnms6jg4_z2l40y0_9vh0000gn/T/mem-prov-cli-E3uDBx/store.db)
1 provenance events reference a1b2c3d4e5f6a7b8c9d0e1f2a3b4c5d6e7f80910

stderr | tests/cli-provenance.test.ts > mem provenance record > requires --at for a ref-less kind so the id is idempotent
provenance claim for demo-1 recorded (/var/folders/6k/xzgngnms6jg4_z2l40y0_9vh0000gn/T/mem-prov-cli-0CcKpz/store.db)
provenance claim for demo-1 already present (/var/folders/6k/xzgngnms6jg4_z2l40y0_9vh0000gn/T/mem-prov-cli-0CcKpz/store.db)
provenance claim for demo-1 recorded (/var/folders/6k/xzgngnms6jg4_z2l40y0_9vh0000gn/T/mem-prov-cli-0CcKpz/store.db)

stderr | tests/cli-provenance.test.ts > mem provenance record > filters log by --kind and rejects an invalid kind
provenance cut for demo-1 recorded (/var/folders/6k/xzgngnms6jg4_z2l40y0_9vh0000gn/T/mem-prov-cli-aU1FAC/store.db)
provenance claim for demo-1 recorded (/var/folders/6k/xzgngnms6jg4_z2l40y0_9vh0000gn/T/mem-prov-cli-aU1FAC/store.db)
1 provenance events for demo-1
2 provenance events for demo-1

 ✓ tests/cli-provenance.test.ts  (10 tests) 223ms
 ✓ tests/distill.test.ts  (59 tests) 894ms
 ❯ tests/verify-git.test.ts  (8 tests | 1 failed) 684ms
   ❯ tests/verify-git.test.ts > readRemotes > reads multiple remotes by name
     → expected { …(2) } to deeply equal { …(2) }
fatal: ambiguous argument 'no-such-rev-000..HEAD': unknown revision or path not in the working tree.
Use '--' to separate paths from revisions, like this:
'git <command> [<revision>...] -- [<file>...]'
fatal: ambiguous argument '; touch /var/folders/6k/xzgngnms6jg4_z2l40y0_9vh0000gn/T/mem-pipe-BwT04y/pwned': unknown revision or path not in the working tree.
Use '--' to separate paths from revisions, like this:
'git <command> [<revision>...] -- [<file>...]'
fatal: Not a valid commit name deadbeefbeefbeefbeefbeefbeefbeefbeefdead
fatal: Not a valid commit name deadbeefbeefbeefbeefbeefbeefbeefbeefdead
fatal: Not a valid commit name deadbeefbeefbeefbeefbeefbeefbeefbeefdead
fatal: Not a valid commit name deadbeefbeefbeefbeefbeefbeefbeefbeefdead
 ✓ tests/ingest.provenance.test.ts  (61 tests) 1359ms

⎯⎯⎯⎯⎯⎯⎯ Failed Tests 1 ⎯⎯⎯⎯⎯⎯⎯

 FAIL  tests/verify-git.test.ts > readRemotes > reads multiple remotes by name
AssertionError: expected { …(2) } to deeply equal { …(2) }

- Expected
+ Received

  Object {
    "origin": "https://github.com/sjarmak/mem.git",
-   "upstream": "git@github.com:gastownhall/gascity.git",
+   "upstream": "https://github.com/gastownhall/gascity.git",
  }

 ❯ tests/verify-git.test.ts:77:30
     75|     addRemote(dir, 'origin', 'https://github.com/sjarmak/mem.git');
     76|     addRemote(dir, 'upstream', 'git@github.com:gastownhall/gascity.git…
     77|     expect(readRemotes(dir)).toEqual({
       |                              ^
     78|       origin: 'https://github.com/sjarmak/mem.git',
     79|       upstream: 'git@github.com:gastownhall/gascity.git',

⎯⎯⎯⎯⎯⎯⎯⎯⎯⎯⎯⎯⎯⎯⎯⎯⎯⎯⎯⎯⎯⎯⎯⎯[1/1]⎯

 Test Files  1 failed | 47 passed (48)
      Tests  1 failed | 907 passed (908)
   Start at  08:44:49
   Duration  1.84s (transform 2.23s, setup 0ms, collect 8.56s, tests 7.09s, environment 29ms, prepare 2.75s)

