E501 Line too long (126 > 100)
   --> scripts/memory_unprompted_audit.py:169:101
    |
167 | …     "model_calls": 0,
168 | …     "scope": "explicit integration; not memory-adoption results",
169 | …     "correction": "Original checker required a whole note to be JSON; exact payloads in readable prose/fences are valid.",
    |                                                                                                   ^^^^^^^^^^^^^^^^^^^^^^^^^^
170 | …     "measurement_boundary": "Wiring evidence is separate from strict diagnostic adherence; marker mistakes and omitted calls remain…
171 | …     "hosts": summaries,
    |

E501 Line too long (174 > 100)
   --> scripts/memory_unprompted_audit.py:170:101
    |
168 | …
169 | …N; exact payloads in readable prose/fences are valid.",
170 | …t diagnostic adherence; marker mistakes and omitted calls remain failures of their respective checks.",
    |                               ^^^^^^^^^^^^^^^^^^^^^^^^^^^^^^^^^^^^^^^^^^^^^^^^^^^^^^^^^^^^^^^^^^^^^^^^^^
171 | …
172 | …
    |

Found 2 errors.
