
> mem@0.1.0 check
> npm run typecheck && npm run lint && npm run format:check && npm test


> mem@0.1.0 typecheck
> tsc --noEmit


> mem@0.1.0 lint
> eslint src tests


> mem@0.1.0 format:check
> prettier --check "src/**/*.ts" "tests/**/*.ts" "bin/**/*"

Checking formatting...
All matched files use Prettier code style!

> mem@0.1.0 test
> vitest --run


 RUN  v1.6.1 /Users/csells/Code/Forks/sjarmak/mem

 ✓ tests/freeze-lib.test.ts  (30 tests) 4ms
 ✓ tests/verify-lib.test.ts  (34 tests) 6ms
 ✓ tests/ingest.liveRef.test.ts  (23 tests) 4ms
 ✓ tests/ingest.beads.test.ts  (39 tests) 10ms
 ✓ tests/ingest.commitLinkage.test.ts  (24 tests) 8ms
 ✓ tests/ingest.sessionCommits.test.ts  (19 tests) 5ms
 ✓ tests/ingest.landed.test.ts  (23 tests) 8ms
 ✓ tests/ingest.landedContent.test.ts  (35 tests) 10ms
 ✓ tests/ingest.falseClose.test.ts  (58 tests) 15ms
 ✓ tests/bench.test.ts  (20 tests) 6ms
 ✓ tests/parse.trace.test.ts  (46 tests) 15ms
 ✓ tests/ingest.traces.test.ts  (16 tests) 30ms
 ✓ tests/bench.session-fanout.test.ts  (12 tests) 4ms
 ✓ tests/ingest.session-merge.test.ts  (8 tests) 13ms
 ✓ tests/parse.recurrence.test.ts  (16 tests) 7ms
 ✓ tests/ingest.outcomes.test.ts  (18 tests) 5ms
 ✓ tests/ingest.dashboardCi.test.ts  (20 tests) 28ms
 ✓ tests/ingest.provenance-from-log.test.ts  (8 tests) 24ms
 ✓ tests/ingest.trace-archive.test.ts  (10 tests) 197ms
 ✓ tests/cli-build-store.test.ts  (13 tests) 198ms
 ✓ tests/cli-rebuild.test.ts  (3 tests) 146ms
 ✓ tests/store.provenance.test.ts  (9 tests) 118ms
 ✓ tests/memory-capture.test.ts  (10 tests) 70ms
 ✓ tests/ingest.task-type.test.ts  (10 tests) 15ms
 ✓ tests/schemas.test.ts  (13 tests) 26ms
 ✓ tests/cli-extract-errors.test.ts  (11 tests) 13ms
 ✓ tests/distill-verify.test.ts  (10 tests) 9ms
 ✓ tests/retrieve.disclosure.test.ts  (12 tests) 6ms
 ✓ tests/cli-retrieve.test.ts  (19 tests) 441ms
 ✓ tests/store.test.ts  (76 tests) 513ms
 ✓ tests/cli-provenance-events-roundtrip.test.ts  (6 tests) 129ms
 ✓ tests/cli-query.test.ts  (18 tests) 434ms
 ✓ tests/cli-memory-event.test.ts  (7 tests) 160ms
 ✓ tests/ingest.repo-resolve.test.ts  (8 tests) 8ms
 ✓ tests/store.render.test.ts  (10 tests) 61ms
 ✓ tests/cli.test.ts  (8 tests) 4ms
 ✓ tests/verify-rig-checkouts.test.ts  (1 test) 104ms
 ✓ tests/cli-lessons-roundtrip.test.ts  (6 tests) 131ms
 ✓ tests/store.coverage.test.ts  (3 tests) 24ms
 ✓ tests/store.memory-events.test.ts  (8 tests) 201ms
 ✓ tests/cli-link-outcomes.test.ts  (2 tests) 6ms
 ✓ tests/cli-import-records.test.ts  (5 tests) 26ms
 ✓ tests/cli-coverage.test.ts  (4 tests) 28ms
stderr | tests/cli-provenance.test.ts > mem provenance record > records a producer cut event and is queryable
provenance cut for demo-1 recorded (/var/folders/6k/xzgngnms6jg4_z2l40y0_9vh0000gn/T/mem-prov-cli-hjmgpI/store.db)
1 provenance events for demo-1

stderr | tests/cli-provenance.test.ts > mem provenance record > is append-only/idempotent: re-recording the same event adds nothing
provenance cut for demo-1 recorded (/var/folders/6k/xzgngnms6jg4_z2l40y0_9vh0000gn/T/mem-prov-cli-nTaHbe/store.db)
provenance cut for demo-1 already present (/var/folders/6k/xzgngnms6jg4_z2l40y0_9vh0000gn/T/mem-prov-cli-nTaHbe/store.db)
1 provenance events for demo-1

stderr | tests/cli-provenance.test.ts > mem provenance record > answers by-ref for a recorded SHA
provenance cut for demo-1 recorded (/var/folders/6k/xzgngnms6jg4_z2l40y0_9vh0000gn/T/mem-prov-cli-xMLVui/store.db)
1 provenance events reference a1b2c3d4e5f6a7b8c9d0e1f2a3b4c5d6e7f80910

stderr | tests/cli-provenance.test.ts > mem provenance record > requires --at for a ref-less kind so the id is idempotent
provenance claim for demo-1 recorded (/var/folders/6k/xzgngnms6jg4_z2l40y0_9vh0000gn/T/mem-prov-cli-qcRP5s/store.db)
provenance claim for demo-1 already present (/var/folders/6k/xzgngnms6jg4_z2l40y0_9vh0000gn/T/mem-prov-cli-qcRP5s/store.db)
provenance claim for demo-1 recorded (/var/folders/6k/xzgngnms6jg4_z2l40y0_9vh0000gn/T/mem-prov-cli-qcRP5s/store.db)

stderr | tests/cli-provenance.test.ts > mem provenance record > filters log by --kind and rejects an invalid kind
provenance cut for demo-1 recorded (/var/folders/6k/xzgngnms6jg4_z2l40y0_9vh0000gn/T/mem-prov-cli-V1y828/store.db)
provenance claim for demo-1 recorded (/var/folders/6k/xzgngnms6jg4_z2l40y0_9vh0000gn/T/mem-prov-cli-V1y828/store.db)
1 provenance events for demo-1
2 provenance events for demo-1

 ✓ tests/cli-provenance.test.ts  (10 tests) 269ms
 ✓ tests/retrieve.test.ts  (39 tests) 786ms
 ✓ tests/distill.test.ts  (59 tests) 865ms
 ✓ tests/verify-git.test.ts  (8 tests) 737ms
fatal: ambiguous argument 'no-such-rev-000..HEAD': unknown revision or path not in the working tree.
Use '--' to separate paths from revisions, like this:
'git <command> [<revision>...] -- [<file>...]'
fatal: ambiguous argument '; touch /var/folders/6k/xzgngnms6jg4_z2l40y0_9vh0000gn/T/mem-pipe-an1KuK/pwned': unknown revision or path not in the working tree.
Use '--' to separate paths from revisions, like this:
'git <command> [<revision>...] -- [<file>...]'
fatal: Not a valid commit name deadbeefbeefbeefbeefbeefbeefbeefbeefdead
fatal: Not a valid commit name deadbeefbeefbeefbeefbeefbeefbeefbeefdead
fatal: Not a valid commit name deadbeefbeefbeefbeefbeefbeefbeefbeefdead
fatal: Not a valid commit name deadbeefbeefbeefbeefbeefbeefbeefbeefdead
 ✓ tests/ingest.provenance.test.ts  (61 tests) 1647ms

 Test Files  48 passed (48)
      Tests  908 passed (908)
   Start at  16:26:43
   Duration  2.08s (transform 2.00s, setup 3ms, collect 7.35s, tests 7.57s, environment 9ms, prepare 2.74s)

